// Jest Snapshot v1, https://goo.gl/fbAQLP

exports[`Structs Server Str Struct should exist 1`] = `
Object {
  "fieldNames": Array [
    "nIndex",
    "strCode",
    "strKo",
    "strBr",
    "strCh",
    "strEn",
    "strIn",
    "strJa",
    "strPh",
    "strRu",
    "strTa",
    "strVi",
    "strGlobal",
  ],
  "fields": Array [
    Object {
      "as": undefined,
      "len": 32,
      "name": "nIndex",
      "schemaProps": Object {},
      "type": [Function],
      "typeClassName": "Number",
      "weight": 4,
    },
    Object {
      "as": undefined,
      "len": 64,
      "name": "strCode",
      "schemaProps": Object {},
      "type": [Function],
      "typeClassName": "String",
      "weight": 64,
    },
    Object {
      "as": undefined,
      "len": 64,
      "name": "strKo",
      "schemaProps": Object {},
      "type": [Function],
      "typeClassName": "String",
      "weight": 64,
    },
    Object {
      "as": undefined,
      "len": 64,
      "name": "strBr",
      "schemaProps": Object {},
      "type": [Function],
      "typeClassName": "String",
      "weight": 64,
    },
    Object {
      "as": undefined,
      "len": 64,
      "name": "strCh",
      "schemaProps": Object {},
      "type": [Function],
      "typeClassName": "String",
      "weight": 64,
    },
    Object {
      "as": undefined,
      "len": 64,
      "name": "strEn",
      "schemaProps": Object {},
      "type": [Function],
      "typeClassName": "String",
      "weight": 64,
    },
    Object {
      "as": undefined,
      "len": 64,
      "name": "strIn",
      "schemaProps": Object {},
      "type": [Function],
      "typeClassName": "String",
      "weight": 64,
    },
    Object {
      "as": undefined,
      "len": 64,
      "name": "strJa",
      "schemaProps": Object {},
      "type": [Function],
      "typeClassName": "String",
      "weight": 64,
    },
    Object {
      "as": undefined,
      "len": 64,
      "name": "strPh",
      "schemaProps": Object {},
      "type": [Function],
      "typeClassName": "String",
      "weight": 64,
    },
    Object {
      "as": undefined,
      "len": 64,
      "name": "strRu",
      "schemaProps": Object {},
      "type": [Function],
      "typeClassName": "String",
      "weight": 64,
    },
    Object {
      "as": undefined,
      "len": 64,
      "name": "strTa",
      "schemaProps": Object {},
      "type": [Function],
      "typeClassName": "String",
      "weight": 64,
    },
    Object {
      "as": undefined,
      "len": 64,
      "name": "strVi",
      "schemaProps": Object {},
      "type": [Function],
      "typeClassName": "String",
      "weight": 64,
    },
    Object {
      "as": undefined,
      "len": 64,
      "name": "strGlobal",
      "schemaProps": Object {},
      "type": [Function],
      "typeClassName": "String",
      "weight": 64,
    },
  ],
  "isDynamic": false,
  "weight": 772,
}
`;
