// Jest Snapshot v1, https://goo.gl/fbAQLP

exports[`Structs Server NPCharacter Struct should exist 1`] = `
Object {
  "fieldNames": Array [
    "nIndex",
    "strCode",
    "strName",
    "nRace",
    "bWarType",
    "fTarDecType",
    "fLevel",
    "fExt",
    "fAttFcStd",
    "fMinAFSelProb",
    "fMaxAFSelProb",
    "fAttSklUnit",
    "fDefSklUnit",
    "fWeakPart",
    "fStdDefFc",
    "fFireTol",
    "fWaterTol",
    "fSoilTol",
    "fWindTol",
    "fAttTechID1",
    "fAttTech1UseProb",
    "fAttTechID2",
    "fAttTech2UseProb",
    "fAttTechID3",
    "fAttTech3UseProb",
    "fAttTechMinAFProb",
    "fAttTechMinAF",
    "fAttTechMaxAFProb",
    "fAttTechMaxAF",
    "fPSecTechID",
    "fMSecTechID",
    "fMaxHP",
    "fHPRecDelay",
    "fHPRecUnit",
    "fAttSpd",
    "fAttMoTime1",
    "fAttMoTime2",
    "fViewExt",
    "fAttExt",
    "fMRefExt",
    "fCopTime",
    "fMovSpd",
    "fWarMovSpd",
    "fScaleRate",
    "bScaleChange",
    "fWidth",
    "fWaitTime",
    "nAsitReqRate",
    "nAsitAptRate",
    "strChildMon",
    "nChildMonNum",
    "fEmoType",
    "fDamHPStd",
    "fEmoImpStdTime",
    "fGoodToOrdHPPer",
    "fOrdToBadHPPer",
    "fBadToWorseHPPer",
    "fEspTFProb",
    "fTypeCompTerms",
    "fPSecTechChat",
    "fPAttTechChat",
    "fEmo0Chat",
    "fEmo0ChatProb",
    "fEmo1Chat",
    "fEmo1ChatProb",
    "fEmo2Chat",
    "fEmo2ChatProb",
    "fEmo3Chat",
    "fEmo3ChatProb",
    "fEmo4Chat",
    "fEmo4ChatProb",
    "fAsitReqSteEspChat",
    "fAsitReqSteEspChatProb",
    "fAsitReqSteHelpChat",
    "fAsitReqSteHelpChatProb",
    "fAsitReqSteCopChat",
    "fAsitReqSteCopChatProb",
  ],
  "fields": Array [
    Object {
      "as": undefined,
      "len": 32,
      "name": "nIndex",
      "schemaProps": Object {},
      "type": [Function],
      "typeClassName": "Number",
      "weight": 4,
    },
    Object {
      "as": undefined,
      "len": 64,
      "name": "strCode",
      "schemaProps": Object {},
      "type": [Function],
      "typeClassName": "String",
      "weight": 64,
    },
    Object {
      "as": undefined,
      "len": 64,
      "name": "strName",
      "schemaProps": Object {},
      "type": [Function],
      "typeClassName": "String",
      "weight": 64,
    },
    Object {
      "as": undefined,
      "len": 32,
      "name": "nRace",
      "schemaProps": Object {},
      "type": [Function],
      "typeClassName": "Number",
      "weight": 4,
    },
    Object {
      "as": undefined,
      "len": 32,
      "name": "bWarType",
      "schemaProps": Object {},
      "type": [Function],
      "typeClassName": "Boolean",
      "weight": 4,
    },
    Object {
      "as": "float",
      "len": 32,
      "name": "fTarDecType",
      "schemaProps": Object {},
      "type": [Function],
      "typeClassName": "Number",
      "weight": 4,
    },
    Object {
      "as": "float",
      "len": 32,
      "name": "fLevel",
      "schemaProps": Object {},
      "type": [Function],
      "typeClassName": "Number",
      "weight": 4,
    },
    Object {
      "as": "float",
      "len": 32,
      "name": "fExt",
      "schemaProps": Object {},
      "type": [Function],
      "typeClassName": "Number",
      "weight": 4,
    },
    Object {
      "as": "float",
      "len": 32,
      "name": "fAttFcStd",
      "schemaProps": Object {},
      "type": [Function],
      "typeClassName": "Number",
      "weight": 4,
    },
    Object {
      "as": "float",
      "len": 32,
      "name": "fMinAFSelProb",
      "schemaProps": Object {},
      "type": [Function],
      "typeClassName": "Number",
      "weight": 4,
    },
    Object {
      "as": "float",
      "len": 32,
      "name": "fMaxAFSelProb",
      "schemaProps": Object {},
      "type": [Function],
      "typeClassName": "Number",
      "weight": 4,
    },
    Object {
      "as": "float",
      "len": 32,
      "name": "fAttSklUnit",
      "schemaProps": Object {},
      "type": [Function],
      "typeClassName": "Number",
      "weight": 4,
    },
    Object {
      "as": "float",
      "len": 32,
      "name": "fDefSklUnit",
      "schemaProps": Object {},
      "type": [Function],
      "typeClassName": "Number",
      "weight": 4,
    },
    Object {
      "as": "float",
      "len": 32,
      "name": "fWeakPart",
      "schemaProps": Object {},
      "type": [Function],
      "typeClassName": "Number",
      "weight": 4,
    },
    Object {
      "as": "float",
      "len": 32,
      "name": "fStdDefFc",
      "schemaProps": Object {},
      "type": [Function],
      "typeClassName": "Number",
      "weight": 4,
    },
    Object {
      "as": "float",
      "len": 32,
      "name": "fFireTol",
      "schemaProps": Object {},
      "type": [Function],
      "typeClassName": "Number",
      "weight": 4,
    },
    Object {
      "as": "float",
      "len": 32,
      "name": "fWaterTol",
      "schemaProps": Object {},
      "type": [Function],
      "typeClassName": "Number",
      "weight": 4,
    },
    Object {
      "as": "float",
      "len": 32,
      "name": "fSoilTol",
      "schemaProps": Object {},
      "type": [Function],
      "typeClassName": "Number",
      "weight": 4,
    },
    Object {
      "as": "float",
      "len": 32,
      "name": "fWindTol",
      "schemaProps": Object {},
      "type": [Function],
      "typeClassName": "Number",
      "weight": 4,
    },
    Object {
      "as": "float",
      "len": 32,
      "name": "fAttTechID1",
      "schemaProps": Object {},
      "type": [Function],
      "typeClassName": "Number",
      "weight": 4,
    },
    Object {
      "as": "float",
      "len": 32,
      "name": "fAttTech1UseProb",
      "schemaProps": Object {},
      "type": [Function],
      "typeClassName": "Number",
      "weight": 4,
    },
    Object {
      "as": "float",
      "len": 32,
      "name": "fAttTechID2",
      "schemaProps": Object {},
      "type": [Function],
      "typeClassName": "Number",
      "weight": 4,
    },
    Object {
      "as": "float",
      "len": 32,
      "name": "fAttTech2UseProb",
      "schemaProps": Object {},
      "type": [Function],
      "typeClassName": "Number",
      "weight": 4,
    },
    Object {
      "as": "float",
      "len": 32,
      "name": "fAttTechID3",
      "schemaProps": Object {},
      "type": [Function],
      "typeClassName": "Number",
      "weight": 4,
    },
    Object {
      "as": "float",
      "len": 32,
      "name": "fAttTech3UseProb",
      "schemaProps": Object {},
      "type": [Function],
      "typeClassName": "Number",
      "weight": 4,
    },
    Object {
      "as": "float",
      "len": 32,
      "name": "fAttTechMinAFProb",
      "schemaProps": Object {},
      "type": [Function],
      "typeClassName": "Number",
      "weight": 4,
    },
    Object {
      "as": "float",
      "len": 32,
      "name": "fAttTechMinAF",
      "schemaProps": Object {},
      "type": [Function],
      "typeClassName": "Number",
      "weight": 4,
    },
    Object {
      "as": "float",
      "len": 32,
      "name": "fAttTechMaxAFProb",
      "schemaProps": Object {},
      "type": [Function],
      "typeClassName": "Number",
      "weight": 4,
    },
    Object {
      "as": "float",
      "len": 32,
      "name": "fAttTechMaxAF",
      "schemaProps": Object {},
      "type": [Function],
      "typeClassName": "Number",
      "weight": 4,
    },
    Object {
      "as": "float",
      "len": 32,
      "name": "fPSecTechID",
      "schemaProps": Object {},
      "type": [Function],
      "typeClassName": "Number",
      "weight": 4,
    },
    Object {
      "as": "float",
      "len": 32,
      "name": "fMSecTechID",
      "schemaProps": Object {},
      "type": [Function],
      "typeClassName": "Number",
      "weight": 4,
    },
    Object {
      "as": "float",
      "len": 32,
      "name": "fMaxHP",
      "schemaProps": Object {},
      "type": [Function],
      "typeClassName": "Number",
      "weight": 4,
    },
    Object {
      "as": "float",
      "len": 32,
      "name": "fHPRecDelay",
      "schemaProps": Object {},
      "type": [Function],
      "typeClassName": "Number",
      "weight": 4,
    },
    Object {
      "as": "float",
      "len": 32,
      "name": "fHPRecUnit",
      "schemaProps": Object {},
      "type": [Function],
      "typeClassName": "Number",
      "weight": 4,
    },
    Object {
      "as": "float",
      "len": 32,
      "name": "fAttSpd",
      "schemaProps": Object {},
      "type": [Function],
      "typeClassName": "Number",
      "weight": 4,
    },
    Object {
      "as": "float",
      "len": 32,
      "name": "fAttMoTime1",
      "schemaProps": Object {},
      "type": [Function],
      "typeClassName": "Number",
      "weight": 4,
    },
    Object {
      "as": "float",
      "len": 32,
      "name": "fAttMoTime2",
      "schemaProps": Object {},
      "type": [Function],
      "typeClassName": "Number",
      "weight": 4,
    },
    Object {
      "as": "float",
      "len": 32,
      "name": "fViewExt",
      "schemaProps": Object {},
      "type": [Function],
      "typeClassName": "Number",
      "weight": 4,
    },
    Object {
      "as": "float",
      "len": 32,
      "name": "fAttExt",
      "schemaProps": Object {},
      "type": [Function],
      "typeClassName": "Number",
      "weight": 4,
    },
    Object {
      "as": "float",
      "len": 32,
      "name": "fMRefExt",
      "schemaProps": Object {},
      "type": [Function],
      "typeClassName": "Number",
      "weight": 4,
    },
    Object {
      "as": "float",
      "len": 32,
      "name": "fCopTime",
      "schemaProps": Object {},
      "type": [Function],
      "typeClassName": "Number",
      "weight": 4,
    },
    Object {
      "as": "float",
      "len": 32,
      "name": "fMovSpd",
      "schemaProps": Object {},
      "type": [Function],
      "typeClassName": "Number",
      "weight": 4,
    },
    Object {
      "as": "float",
      "len": 32,
      "name": "fWarMovSpd",
      "schemaProps": Object {},
      "type": [Function],
      "typeClassName": "Number",
      "weight": 4,
    },
    Object {
      "as": "float",
      "len": 32,
      "name": "fScaleRate",
      "schemaProps": Object {},
      "type": [Function],
      "typeClassName": "Number",
      "weight": 4,
    },
    Object {
      "as": undefined,
      "len": 32,
      "name": "bScaleChange",
      "schemaProps": Object {},
      "type": [Function],
      "typeClassName": "Boolean",
      "weight": 4,
    },
    Object {
      "as": "float",
      "len": 32,
      "name": "fWidth",
      "schemaProps": Object {},
      "type": [Function],
      "typeClassName": "Number",
      "weight": 4,
    },
    Object {
      "as": "float",
      "len": 32,
      "name": "fWaitTime",
      "schemaProps": Object {},
      "type": [Function],
      "typeClassName": "Number",
      "weight": 4,
    },
    Object {
      "as": undefined,
      "len": 32,
      "name": "nAsitReqRate",
      "schemaProps": Object {},
      "type": [Function],
      "typeClassName": "Number",
      "weight": 4,
    },
    Object {
      "as": undefined,
      "len": 32,
      "name": "nAsitAptRate",
      "schemaProps": Object {},
      "type": [Function],
      "typeClassName": "Number",
      "weight": 4,
    },
    Object {
      "as": undefined,
      "len": 64,
      "name": "strChildMon",
      "schemaProps": Object {},
      "type": [Function],
      "typeClassName": "String",
      "weight": 64,
    },
    Object {
      "as": undefined,
      "len": 32,
      "name": "nChildMonNum",
      "schemaProps": Object {},
      "type": [Function],
      "typeClassName": "Number",
      "weight": 4,
    },
    Object {
      "as": "float",
      "len": 32,
      "name": "fEmoType",
      "schemaProps": Object {},
      "type": [Function],
      "typeClassName": "Number",
      "weight": 4,
    },
    Object {
      "as": "float",
      "len": 32,
      "name": "fDamHPStd",
      "schemaProps": Object {},
      "type": [Function],
      "typeClassName": "Number",
      "weight": 4,
    },
    Object {
      "as": "float",
      "len": 32,
      "name": "fEmoImpStdTime",
      "schemaProps": Object {},
      "type": [Function],
      "typeClassName": "Number",
      "weight": 4,
    },
    Object {
      "as": "float",
      "len": 32,
      "name": "fGoodToOrdHPPer",
      "schemaProps": Object {},
      "type": [Function],
      "typeClassName": "Number",
      "weight": 4,
    },
    Object {
      "as": "float",
      "len": 32,
      "name": "fOrdToBadHPPer",
      "schemaProps": Object {},
      "type": [Function],
      "typeClassName": "Number",
      "weight": 4,
    },
    Object {
      "as": "float",
      "len": 32,
      "name": "fBadToWorseHPPer",
      "schemaProps": Object {},
      "type": [Function],
      "typeClassName": "Number",
      "weight": 4,
    },
    Object {
      "as": "float",
      "len": 32,
      "name": "fEspTFProb",
      "schemaProps": Object {},
      "type": [Function],
      "typeClassName": "Number",
      "weight": 4,
    },
    Object {
      "as": "float",
      "len": 32,
      "name": "fTypeCompTerms",
      "schemaProps": Object {},
      "type": [Function],
      "typeClassName": "Number",
      "weight": 4,
    },
    Object {
      "as": "float",
      "len": 32,
      "name": "fPSecTechChat",
      "schemaProps": Object {},
      "type": [Function],
      "typeClassName": "Number",
      "weight": 4,
    },
    Object {
      "as": "float",
      "len": 32,
      "name": "fPAttTechChat",
      "schemaProps": Object {},
      "type": [Function],
      "typeClassName": "Number",
      "weight": 4,
    },
    Object {
      "as": "float",
      "len": 32,
      "name": "fEmo0Chat",
      "schemaProps": Object {},
      "type": [Function],
      "typeClassName": "Number",
      "weight": 4,
    },
    Object {
      "as": "float",
      "len": 32,
      "name": "fEmo0ChatProb",
      "schemaProps": Object {},
      "type": [Function],
      "typeClassName": "Number",
      "weight": 4,
    },
    Object {
      "as": "float",
      "len": 32,
      "name": "fEmo1Chat",
      "schemaProps": Object {},
      "type": [Function],
      "typeClassName": "Number",
      "weight": 4,
    },
    Object {
      "as": "float",
      "len": 32,
      "name": "fEmo1ChatProb",
      "schemaProps": Object {},
      "type": [Function],
      "typeClassName": "Number",
      "weight": 4,
    },
    Object {
      "as": "float",
      "len": 32,
      "name": "fEmo2Chat",
      "schemaProps": Object {},
      "type": [Function],
      "typeClassName": "Number",
      "weight": 4,
    },
    Object {
      "as": "float",
      "len": 32,
      "name": "fEmo2ChatProb",
      "schemaProps": Object {},
      "type": [Function],
      "typeClassName": "Number",
      "weight": 4,
    },
    Object {
      "as": "float",
      "len": 32,
      "name": "fEmo3Chat",
      "schemaProps": Object {},
      "type": [Function],
      "typeClassName": "Number",
      "weight": 4,
    },
    Object {
      "as": "float",
      "len": 32,
      "name": "fEmo3ChatProb",
      "schemaProps": Object {},
      "type": [Function],
      "typeClassName": "Number",
      "weight": 4,
    },
    Object {
      "as": "float",
      "len": 32,
      "name": "fEmo4Chat",
      "schemaProps": Object {},
      "type": [Function],
      "typeClassName": "Number",
      "weight": 4,
    },
    Object {
      "as": "float",
      "len": 32,
      "name": "fEmo4ChatProb",
      "schemaProps": Object {},
      "type": [Function],
      "typeClassName": "Number",
      "weight": 4,
    },
    Object {
      "as": "float",
      "len": 32,
      "name": "fAsitReqSteEspChat",
      "schemaProps": Object {},
      "type": [Function],
      "typeClassName": "Number",
      "weight": 4,
    },
    Object {
      "as": "float",
      "len": 32,
      "name": "fAsitReqSteEspChatProb",
      "schemaProps": Object {},
      "type": [Function],
      "typeClassName": "Number",
      "weight": 4,
    },
    Object {
      "as": "float",
      "len": 32,
      "name": "fAsitReqSteHelpChat",
      "schemaProps": Object {},
      "type": [Function],
      "typeClassName": "Number",
      "weight": 4,
    },
    Object {
      "as": "float",
      "len": 32,
      "name": "fAsitReqSteHelpChatProb",
      "schemaProps": Object {},
      "type": [Function],
      "typeClassName": "Number",
      "weight": 4,
    },
    Object {
      "as": "float",
      "len": 32,
      "name": "fAsitReqSteCopChat",
      "schemaProps": Object {},
      "type": [Function],
      "typeClassName": "Number",
      "weight": 4,
    },
    Object {
      "as": "float",
      "len": 32,
      "name": "fAsitReqSteCopChatProb",
      "schemaProps": Object {},
      "type": [Function],
      "typeClassName": "Number",
      "weight": 4,
    },
  ],
  "isDynamic": false,
  "weight": 488,
}
`;
