// Jest Snapshot v1, https://goo.gl/fbAQLP

exports[`Structs ItemTypes should have itemTypes 1`] = `
Object {
  "AMULET": "amulet",
  "ANIMUS": "animus",
  "BAG": "bag",
  "BATTERY": "battery",
  "BOOTY": "booty",
  "BOX": "box",
  "BULLET": "bullet",
  "CASHMINING": "cashmining",
  "CLOAK": "cloak",
  "COMBINEDATA": "combinedata",
  "COUPON": "coupon",
  "DUNGEONKEY": "dungeonkey",
  "FACE": "face",
  "FIRECRACKER": "firecracker",
  "FORCE": "force",
  "GAUNTLET": "gauntlet",
  "HELMET": "helmet",
  "LOWER": "lower",
  "MAKEDATA": "makedata",
  "MAKETOOL": "maketool",
  "MAP": "map",
  "MAUARM": "mauarm",
  "MAUBACK": "mauback",
  "MAUBULLET": "maubullet",
  "MAUHEAD": "mauhead",
  "MAULOWER": "maulower",
  "MAUSHOULDER": "maushoulder",
  "MAUUPPER": "mauupper",
  "ORE": "ore",
  "PAGER": "pager",
  "POTION": "potion",
  "QUEST": "quest",
  "RADAR": "radar",
  "RECOVERY": "recovery",
  "RESOURCE": "resource",
  "RING": "ring",
  "SHIELD": "shield",
  "SHOE": "shoe",
  "SIEGEKIT": "siegekit",
  "TICKET": "ticket",
  "TOWER": "tower",
  "TOWN": "town",
  "TRAP": "trap",
  "UNITKEY": "unitkey",
  "UNK3": "unk3",
  "UPPER": "upper",
  "WEAPON": "weapon",
}
`;
