// Jest Snapshot v1, https://goo.gl/fbAQLP

exports[`Structs Server Store Struct should exist 1`] = `
Object {
  "fieldNames": Array [
    "nIndex",
    "strCode",
    "strBindingDummyName",
    "strStoreNPCcode",
    "strStoreNPCname",
    "strStoreMAPcode",
    "nStoreTrade",
    "bSetNPCangle",
    "nStoreNPCangle",
    "nNpcClass__1",
    "nNpcClass__2",
    "nNpcClass__3",
    "nNpcClass__4",
    "nNpcClass__5",
    "nNpcClass__6",
    "nNpcClass__7",
    "nNpcClass__8",
    "nNpcClass__9",
    "nNpcClass__10",
    "nStoreListCount",
    "nLimitListCount",
    "nLimitItemInitTime",
    "nPriceSet",
    "nItemUpCode",
    "strItemCode__1",
    "strItemCode__2",
    "strItemCode__3",
    "strItemCode__4",
    "strItemCode__5",
    "strItemCode__6",
    "strItemCode__7",
    "strItemCode__8",
    "strItemCode__9",
    "strItemCode__10",
    "strItemCode__11",
    "strItemCode__12",
    "strItemCode__13",
    "strItemCode__14",
    "strItemCode__15",
    "strItemCode__16",
    "strItemCode__17",
    "strItemCode__18",
    "strItemCode__19",
    "strItemCode__20",
    "strItemCode__21",
    "strItemCode__22",
    "strItemCode__23",
    "strItemCode__24",
    "strItemCode__25",
    "strItemCode__26",
    "strItemCode__27",
    "strItemCode__28",
    "strItemCode__29",
    "strItemCode__30",
    "strItemCode__31",
    "strItemCode__32",
    "strItemCode__33",
    "strItemCode__34",
    "strItemCode__35",
    "strItemCode__36",
    "strItemCode__37",
    "strItemCode__38",
    "strItemCode__39",
    "strItemCode__40",
    "strItemCode__41",
    "strItemCode__42",
    "strItemCode__43",
    "strItemCode__44",
    "strItemCode__45",
    "strItemCode__46",
    "strItemCode__47",
    "strItemCode__48",
    "strItemCode__49",
    "strItemCode__50",
    "strItemCode__51",
    "strItemCode__52",
    "strItemCode__53",
    "strItemCode__54",
    "strItemCode__55",
    "strItemCode__56",
    "strItemCode__57",
    "strItemCode__58",
    "strItemCode__59",
    "strItemCode__60",
    "strItemCode__61",
    "strItemCode__62",
    "strItemCode__63",
    "strItemCode__64",
    "strItemCode__65",
    "strItemCode__66",
    "strItemCode__67",
    "strItemCode__68",
    "strItemCode__69",
    "strItemCode__70",
    "strItemCode__71",
    "strItemCode__72",
    "strItemCode__73",
    "strItemCode__74",
    "strItemCode__75",
    "strItemCode__76",
    "strItemCode__77",
    "strItemCode__78",
    "strItemCode__79",
    "strItemCode__80",
    "strItemCode__81",
    "strItemCode__82",
    "strItemCode__83",
    "strItemCode__84",
    "strItemCode__85",
    "strItemCode__86",
    "strItemCode__87",
    "strItemCode__88",
    "strItemCode__89",
    "strItemCode__90",
    "strItemCode__91",
    "strItemCode__92",
    "strItemCode__93",
    "strItemCode__94",
    "strItemCode__95",
    "strItemCode__96",
    "strItemCode__97",
    "strItemCode__98",
    "strItemCode__99",
    "strItemCode__100",
    "strItemCode__101",
    "strItemCode__102",
    "strItemCode__103",
    "strItemCode__104",
    "strItemCode__105",
    "strItemCode__106",
    "strItemCode__107",
    "strItemCode__108",
    "strItemCode__109",
    "strItemCode__110",
    "strItemCode__111",
    "strItemCode__112",
    "strItemCode__113",
    "strItemCode__114",
    "strItemCode__115",
    "strItemCode__116",
    "strItemCode__117",
    "strItemCode__118",
    "strItemCode__119",
    "strItemCode__120",
    "strItemCode__121",
    "strItemCode__122",
    "strItemCode__123",
    "strItemCode__124",
    "strItemCode__125",
    "strItemCode__126",
    "strItemCode__127",
    "strItemCode__128",
    "strItemCode__129",
    "strItemCode__130",
    "strItemCode__131",
    "strItemCode__132",
    "strItemCode__133",
    "strItemCode__134",
    "strItemCode__135",
    "strItemCode__136",
    "strItemCode__137",
    "strItemCode__138",
    "strItemCode__139",
    "strItemCode__140",
    "strItemCode__141",
    "strItemCode__142",
    "strItemCode__143",
    "strItemCode__144",
    "strItemCode__145",
    "strItemCode__146",
    "strItemCode__147",
    "strItemCode__148",
    "strItemCode__149",
    "strItemCode__150",
    "strItemCode__151",
    "strItemCode__152",
    "strItemCode__153",
    "strItemCode__154",
    "strItemCode__155",
    "strItemCode__156",
    "strItemCode__157",
    "strItemCode__158",
    "strItemCode__159",
    "strItemCode__160",
    "strItemCode__161",
    "strItemCode__162",
    "strItemCode__163",
    "strItemCode__164",
    "strItemCode__165",
    "strItemCode__166",
    "strItemCode__167",
    "strItemCode__168",
    "strItemCode__169",
    "strItemCode__170",
    "strItemCode__171",
    "strItemCode__172",
    "strItemCode__173",
    "strItemCode__174",
    "strItemCode__175",
    "strItemCode__176",
    "strItemCode__177",
    "strItemCode__178",
    "strItemCode__179",
    "strItemCode__180",
    "strItemCode__181",
    "strItemCode__182",
    "strItemCode__183",
    "strItemCode__184",
    "strItemCode__185",
    "strItemCode__186",
    "strItemCode__187",
    "strItemCode__188",
    "strItemCode__189",
    "strItemCode__190",
    "strItemCode__191",
    "strItemCode__192",
    "strItemCode__193",
    "strItemCode__194",
    "strItemCode__195",
    "strItemCode__196",
    "strItemCode__197",
    "strItemCode__198",
    "strItemCode__199",
    "strItemCode__200",
    "strLimItemCode__1_1",
    "nLimMaxCount__1_2",
    "strLimItemCode__2_1",
    "nLimMaxCount__2_2",
    "strLimItemCode__3_1",
    "nLimMaxCount__3_2",
    "strLimItemCode__4_1",
    "nLimMaxCount__4_2",
    "strLimItemCode__5_1",
    "nLimMaxCount__5_2",
    "strLimItemCode__6_1",
    "nLimMaxCount__6_2",
    "strLimItemCode__7_1",
    "nLimMaxCount__7_2",
    "strLimItemCode__8_1",
    "nLimMaxCount__8_2",
    "strLimItemCode__9_1",
    "nLimMaxCount__9_2",
    "strLimItemCode__10_1",
    "nLimMaxCount__10_2",
    "strLimItemCode__11_1",
    "nLimMaxCount__11_2",
    "strLimItemCode__12_1",
    "nLimMaxCount__12_2",
    "strLimItemCode__13_1",
    "nLimMaxCount__13_2",
    "strLimItemCode__14_1",
    "nLimMaxCount__14_2",
    "strLimItemCode__15_1",
    "nLimMaxCount__15_2",
    "strLimItemCode__16_1",
    "nLimMaxCount__16_2",
  ],
  "fields": Array [
    Object {
      "as": undefined,
      "len": 32,
      "name": "nIndex",
      "schemaProps": Object {},
      "type": [Function],
      "typeClassName": "Number",
      "weight": 4,
    },
    Object {
      "as": undefined,
      "len": 64,
      "name": "strCode",
      "schemaProps": Object {},
      "type": [Function],
      "typeClassName": "String",
      "weight": 64,
    },
    Object {
      "as": undefined,
      "len": 64,
      "name": "strBindingDummyName",
      "schemaProps": Object {},
      "type": [Function],
      "typeClassName": "String",
      "weight": 64,
    },
    Object {
      "as": undefined,
      "len": 64,
      "name": "strStoreNPCcode",
      "schemaProps": Object {},
      "type": [Function],
      "typeClassName": "String",
      "weight": 64,
    },
    Object {
      "as": undefined,
      "len": 64,
      "name": "strStoreNPCname",
      "schemaProps": Object {},
      "type": [Function],
      "typeClassName": "String",
      "weight": 64,
    },
    Object {
      "as": undefined,
      "len": 64,
      "name": "strStoreMAPcode",
      "schemaProps": Object {},
      "type": [Function],
      "typeClassName": "String",
      "weight": 64,
    },
    Object {
      "as": undefined,
      "len": 32,
      "name": "nStoreTrade",
      "schemaProps": Object {},
      "type": [Function],
      "typeClassName": "Number",
      "weight": 4,
    },
    Object {
      "as": undefined,
      "len": 32,
      "name": "bSetNPCangle",
      "schemaProps": Object {},
      "type": [Function],
      "typeClassName": "Boolean",
      "weight": 4,
    },
    Object {
      "as": undefined,
      "len": 32,
      "name": "nStoreNPCangle",
      "schemaProps": Object {},
      "type": [Function],
      "typeClassName": "Number",
      "weight": 4,
    },
    Object {
      "as": undefined,
      "len": 32,
      "name": "nNpcClass__1",
      "schemaProps": Object {},
      "type": [Function],
      "typeClassName": "Number",
      "weight": 4,
    },
    Object {
      "as": undefined,
      "len": 32,
      "name": "nNpcClass__2",
      "schemaProps": Object {},
      "type": [Function],
      "typeClassName": "Number",
      "weight": 4,
    },
    Object {
      "as": undefined,
      "len": 32,
      "name": "nNpcClass__3",
      "schemaProps": Object {},
      "type": [Function],
      "typeClassName": "Number",
      "weight": 4,
    },
    Object {
      "as": undefined,
      "len": 32,
      "name": "nNpcClass__4",
      "schemaProps": Object {},
      "type": [Function],
      "typeClassName": "Number",
      "weight": 4,
    },
    Object {
      "as": undefined,
      "len": 32,
      "name": "nNpcClass__5",
      "schemaProps": Object {},
      "type": [Function],
      "typeClassName": "Number",
      "weight": 4,
    },
    Object {
      "as": undefined,
      "len": 32,
      "name": "nNpcClass__6",
      "schemaProps": Object {},
      "type": [Function],
      "typeClassName": "Number",
      "weight": 4,
    },
    Object {
      "as": undefined,
      "len": 32,
      "name": "nNpcClass__7",
      "schemaProps": Object {},
      "type": [Function],
      "typeClassName": "Number",
      "weight": 4,
    },
    Object {
      "as": undefined,
      "len": 32,
      "name": "nNpcClass__8",
      "schemaProps": Object {},
      "type": [Function],
      "typeClassName": "Number",
      "weight": 4,
    },
    Object {
      "as": undefined,
      "len": 32,
      "name": "nNpcClass__9",
      "schemaProps": Object {},
      "type": [Function],
      "typeClassName": "Number",
      "weight": 4,
    },
    Object {
      "as": undefined,
      "len": 32,
      "name": "nNpcClass__10",
      "schemaProps": Object {},
      "type": [Function],
      "typeClassName": "Number",
      "weight": 4,
    },
    Object {
      "as": undefined,
      "len": 32,
      "name": "nStoreListCount",
      "schemaProps": Object {},
      "type": [Function],
      "typeClassName": "Number",
      "weight": 4,
    },
    Object {
      "as": undefined,
      "len": 32,
      "name": "nLimitListCount",
      "schemaProps": Object {},
      "type": [Function],
      "typeClassName": "Number",
      "weight": 4,
    },
    Object {
      "as": undefined,
      "len": 32,
      "name": "nLimitItemInitTime",
      "schemaProps": Object {},
      "type": [Function],
      "typeClassName": "Number",
      "weight": 4,
    },
    Object {
      "as": undefined,
      "len": 32,
      "name": "nPriceSet",
      "schemaProps": Object {},
      "type": [Function],
      "typeClassName": "Number",
      "weight": 4,
    },
    Object {
      "as": undefined,
      "len": 32,
      "name": "nItemUpCode",
      "schemaProps": Object {},
      "type": [Function],
      "typeClassName": "Number",
      "weight": 4,
    },
    Object {
      "as": undefined,
      "len": 64,
      "name": "strItemCode__1",
      "schemaProps": Object {},
      "type": [Function],
      "typeClassName": "String",
      "weight": 64,
    },
    Object {
      "as": undefined,
      "len": 64,
      "name": "strItemCode__2",
      "schemaProps": Object {},
      "type": [Function],
      "typeClassName": "String",
      "weight": 64,
    },
    Object {
      "as": undefined,
      "len": 64,
      "name": "strItemCode__3",
      "schemaProps": Object {},
      "type": [Function],
      "typeClassName": "String",
      "weight": 64,
    },
    Object {
      "as": undefined,
      "len": 64,
      "name": "strItemCode__4",
      "schemaProps": Object {},
      "type": [Function],
      "typeClassName": "String",
      "weight": 64,
    },
    Object {
      "as": undefined,
      "len": 64,
      "name": "strItemCode__5",
      "schemaProps": Object {},
      "type": [Function],
      "typeClassName": "String",
      "weight": 64,
    },
    Object {
      "as": undefined,
      "len": 64,
      "name": "strItemCode__6",
      "schemaProps": Object {},
      "type": [Function],
      "typeClassName": "String",
      "weight": 64,
    },
    Object {
      "as": undefined,
      "len": 64,
      "name": "strItemCode__7",
      "schemaProps": Object {},
      "type": [Function],
      "typeClassName": "String",
      "weight": 64,
    },
    Object {
      "as": undefined,
      "len": 64,
      "name": "strItemCode__8",
      "schemaProps": Object {},
      "type": [Function],
      "typeClassName": "String",
      "weight": 64,
    },
    Object {
      "as": undefined,
      "len": 64,
      "name": "strItemCode__9",
      "schemaProps": Object {},
      "type": [Function],
      "typeClassName": "String",
      "weight": 64,
    },
    Object {
      "as": undefined,
      "len": 64,
      "name": "strItemCode__10",
      "schemaProps": Object {},
      "type": [Function],
      "typeClassName": "String",
      "weight": 64,
    },
    Object {
      "as": undefined,
      "len": 64,
      "name": "strItemCode__11",
      "schemaProps": Object {},
      "type": [Function],
      "typeClassName": "String",
      "weight": 64,
    },
    Object {
      "as": undefined,
      "len": 64,
      "name": "strItemCode__12",
      "schemaProps": Object {},
      "type": [Function],
      "typeClassName": "String",
      "weight": 64,
    },
    Object {
      "as": undefined,
      "len": 64,
      "name": "strItemCode__13",
      "schemaProps": Object {},
      "type": [Function],
      "typeClassName": "String",
      "weight": 64,
    },
    Object {
      "as": undefined,
      "len": 64,
      "name": "strItemCode__14",
      "schemaProps": Object {},
      "type": [Function],
      "typeClassName": "String",
      "weight": 64,
    },
    Object {
      "as": undefined,
      "len": 64,
      "name": "strItemCode__15",
      "schemaProps": Object {},
      "type": [Function],
      "typeClassName": "String",
      "weight": 64,
    },
    Object {
      "as": undefined,
      "len": 64,
      "name": "strItemCode__16",
      "schemaProps": Object {},
      "type": [Function],
      "typeClassName": "String",
      "weight": 64,
    },
    Object {
      "as": undefined,
      "len": 64,
      "name": "strItemCode__17",
      "schemaProps": Object {},
      "type": [Function],
      "typeClassName": "String",
      "weight": 64,
    },
    Object {
      "as": undefined,
      "len": 64,
      "name": "strItemCode__18",
      "schemaProps": Object {},
      "type": [Function],
      "typeClassName": "String",
      "weight": 64,
    },
    Object {
      "as": undefined,
      "len": 64,
      "name": "strItemCode__19",
      "schemaProps": Object {},
      "type": [Function],
      "typeClassName": "String",
      "weight": 64,
    },
    Object {
      "as": undefined,
      "len": 64,
      "name": "strItemCode__20",
      "schemaProps": Object {},
      "type": [Function],
      "typeClassName": "String",
      "weight": 64,
    },
    Object {
      "as": undefined,
      "len": 64,
      "name": "strItemCode__21",
      "schemaProps": Object {},
      "type": [Function],
      "typeClassName": "String",
      "weight": 64,
    },
    Object {
      "as": undefined,
      "len": 64,
      "name": "strItemCode__22",
      "schemaProps": Object {},
      "type": [Function],
      "typeClassName": "String",
      "weight": 64,
    },
    Object {
      "as": undefined,
      "len": 64,
      "name": "strItemCode__23",
      "schemaProps": Object {},
      "type": [Function],
      "typeClassName": "String",
      "weight": 64,
    },
    Object {
      "as": undefined,
      "len": 64,
      "name": "strItemCode__24",
      "schemaProps": Object {},
      "type": [Function],
      "typeClassName": "String",
      "weight": 64,
    },
    Object {
      "as": undefined,
      "len": 64,
      "name": "strItemCode__25",
      "schemaProps": Object {},
      "type": [Function],
      "typeClassName": "String",
      "weight": 64,
    },
    Object {
      "as": undefined,
      "len": 64,
      "name": "strItemCode__26",
      "schemaProps": Object {},
      "type": [Function],
      "typeClassName": "String",
      "weight": 64,
    },
    Object {
      "as": undefined,
      "len": 64,
      "name": "strItemCode__27",
      "schemaProps": Object {},
      "type": [Function],
      "typeClassName": "String",
      "weight": 64,
    },
    Object {
      "as": undefined,
      "len": 64,
      "name": "strItemCode__28",
      "schemaProps": Object {},
      "type": [Function],
      "typeClassName": "String",
      "weight": 64,
    },
    Object {
      "as": undefined,
      "len": 64,
      "name": "strItemCode__29",
      "schemaProps": Object {},
      "type": [Function],
      "typeClassName": "String",
      "weight": 64,
    },
    Object {
      "as": undefined,
      "len": 64,
      "name": "strItemCode__30",
      "schemaProps": Object {},
      "type": [Function],
      "typeClassName": "String",
      "weight": 64,
    },
    Object {
      "as": undefined,
      "len": 64,
      "name": "strItemCode__31",
      "schemaProps": Object {},
      "type": [Function],
      "typeClassName": "String",
      "weight": 64,
    },
    Object {
      "as": undefined,
      "len": 64,
      "name": "strItemCode__32",
      "schemaProps": Object {},
      "type": [Function],
      "typeClassName": "String",
      "weight": 64,
    },
    Object {
      "as": undefined,
      "len": 64,
      "name": "strItemCode__33",
      "schemaProps": Object {},
      "type": [Function],
      "typeClassName": "String",
      "weight": 64,
    },
    Object {
      "as": undefined,
      "len": 64,
      "name": "strItemCode__34",
      "schemaProps": Object {},
      "type": [Function],
      "typeClassName": "String",
      "weight": 64,
    },
    Object {
      "as": undefined,
      "len": 64,
      "name": "strItemCode__35",
      "schemaProps": Object {},
      "type": [Function],
      "typeClassName": "String",
      "weight": 64,
    },
    Object {
      "as": undefined,
      "len": 64,
      "name": "strItemCode__36",
      "schemaProps": Object {},
      "type": [Function],
      "typeClassName": "String",
      "weight": 64,
    },
    Object {
      "as": undefined,
      "len": 64,
      "name": "strItemCode__37",
      "schemaProps": Object {},
      "type": [Function],
      "typeClassName": "String",
      "weight": 64,
    },
    Object {
      "as": undefined,
      "len": 64,
      "name": "strItemCode__38",
      "schemaProps": Object {},
      "type": [Function],
      "typeClassName": "String",
      "weight": 64,
    },
    Object {
      "as": undefined,
      "len": 64,
      "name": "strItemCode__39",
      "schemaProps": Object {},
      "type": [Function],
      "typeClassName": "String",
      "weight": 64,
    },
    Object {
      "as": undefined,
      "len": 64,
      "name": "strItemCode__40",
      "schemaProps": Object {},
      "type": [Function],
      "typeClassName": "String",
      "weight": 64,
    },
    Object {
      "as": undefined,
      "len": 64,
      "name": "strItemCode__41",
      "schemaProps": Object {},
      "type": [Function],
      "typeClassName": "String",
      "weight": 64,
    },
    Object {
      "as": undefined,
      "len": 64,
      "name": "strItemCode__42",
      "schemaProps": Object {},
      "type": [Function],
      "typeClassName": "String",
      "weight": 64,
    },
    Object {
      "as": undefined,
      "len": 64,
      "name": "strItemCode__43",
      "schemaProps": Object {},
      "type": [Function],
      "typeClassName": "String",
      "weight": 64,
    },
    Object {
      "as": undefined,
      "len": 64,
      "name": "strItemCode__44",
      "schemaProps": Object {},
      "type": [Function],
      "typeClassName": "String",
      "weight": 64,
    },
    Object {
      "as": undefined,
      "len": 64,
      "name": "strItemCode__45",
      "schemaProps": Object {},
      "type": [Function],
      "typeClassName": "String",
      "weight": 64,
    },
    Object {
      "as": undefined,
      "len": 64,
      "name": "strItemCode__46",
      "schemaProps": Object {},
      "type": [Function],
      "typeClassName": "String",
      "weight": 64,
    },
    Object {
      "as": undefined,
      "len": 64,
      "name": "strItemCode__47",
      "schemaProps": Object {},
      "type": [Function],
      "typeClassName": "String",
      "weight": 64,
    },
    Object {
      "as": undefined,
      "len": 64,
      "name": "strItemCode__48",
      "schemaProps": Object {},
      "type": [Function],
      "typeClassName": "String",
      "weight": 64,
    },
    Object {
      "as": undefined,
      "len": 64,
      "name": "strItemCode__49",
      "schemaProps": Object {},
      "type": [Function],
      "typeClassName": "String",
      "weight": 64,
    },
    Object {
      "as": undefined,
      "len": 64,
      "name": "strItemCode__50",
      "schemaProps": Object {},
      "type": [Function],
      "typeClassName": "String",
      "weight": 64,
    },
    Object {
      "as": undefined,
      "len": 64,
      "name": "strItemCode__51",
      "schemaProps": Object {},
      "type": [Function],
      "typeClassName": "String",
      "weight": 64,
    },
    Object {
      "as": undefined,
      "len": 64,
      "name": "strItemCode__52",
      "schemaProps": Object {},
      "type": [Function],
      "typeClassName": "String",
      "weight": 64,
    },
    Object {
      "as": undefined,
      "len": 64,
      "name": "strItemCode__53",
      "schemaProps": Object {},
      "type": [Function],
      "typeClassName": "String",
      "weight": 64,
    },
    Object {
      "as": undefined,
      "len": 64,
      "name": "strItemCode__54",
      "schemaProps": Object {},
      "type": [Function],
      "typeClassName": "String",
      "weight": 64,
    },
    Object {
      "as": undefined,
      "len": 64,
      "name": "strItemCode__55",
      "schemaProps": Object {},
      "type": [Function],
      "typeClassName": "String",
      "weight": 64,
    },
    Object {
      "as": undefined,
      "len": 64,
      "name": "strItemCode__56",
      "schemaProps": Object {},
      "type": [Function],
      "typeClassName": "String",
      "weight": 64,
    },
    Object {
      "as": undefined,
      "len": 64,
      "name": "strItemCode__57",
      "schemaProps": Object {},
      "type": [Function],
      "typeClassName": "String",
      "weight": 64,
    },
    Object {
      "as": undefined,
      "len": 64,
      "name": "strItemCode__58",
      "schemaProps": Object {},
      "type": [Function],
      "typeClassName": "String",
      "weight": 64,
    },
    Object {
      "as": undefined,
      "len": 64,
      "name": "strItemCode__59",
      "schemaProps": Object {},
      "type": [Function],
      "typeClassName": "String",
      "weight": 64,
    },
    Object {
      "as": undefined,
      "len": 64,
      "name": "strItemCode__60",
      "schemaProps": Object {},
      "type": [Function],
      "typeClassName": "String",
      "weight": 64,
    },
    Object {
      "as": undefined,
      "len": 64,
      "name": "strItemCode__61",
      "schemaProps": Object {},
      "type": [Function],
      "typeClassName": "String",
      "weight": 64,
    },
    Object {
      "as": undefined,
      "len": 64,
      "name": "strItemCode__62",
      "schemaProps": Object {},
      "type": [Function],
      "typeClassName": "String",
      "weight": 64,
    },
    Object {
      "as": undefined,
      "len": 64,
      "name": "strItemCode__63",
      "schemaProps": Object {},
      "type": [Function],
      "typeClassName": "String",
      "weight": 64,
    },
    Object {
      "as": undefined,
      "len": 64,
      "name": "strItemCode__64",
      "schemaProps": Object {},
      "type": [Function],
      "typeClassName": "String",
      "weight": 64,
    },
    Object {
      "as": undefined,
      "len": 64,
      "name": "strItemCode__65",
      "schemaProps": Object {},
      "type": [Function],
      "typeClassName": "String",
      "weight": 64,
    },
    Object {
      "as": undefined,
      "len": 64,
      "name": "strItemCode__66",
      "schemaProps": Object {},
      "type": [Function],
      "typeClassName": "String",
      "weight": 64,
    },
    Object {
      "as": undefined,
      "len": 64,
      "name": "strItemCode__67",
      "schemaProps": Object {},
      "type": [Function],
      "typeClassName": "String",
      "weight": 64,
    },
    Object {
      "as": undefined,
      "len": 64,
      "name": "strItemCode__68",
      "schemaProps": Object {},
      "type": [Function],
      "typeClassName": "String",
      "weight": 64,
    },
    Object {
      "as": undefined,
      "len": 64,
      "name": "strItemCode__69",
      "schemaProps": Object {},
      "type": [Function],
      "typeClassName": "String",
      "weight": 64,
    },
    Object {
      "as": undefined,
      "len": 64,
      "name": "strItemCode__70",
      "schemaProps": Object {},
      "type": [Function],
      "typeClassName": "String",
      "weight": 64,
    },
    Object {
      "as": undefined,
      "len": 64,
      "name": "strItemCode__71",
      "schemaProps": Object {},
      "type": [Function],
      "typeClassName": "String",
      "weight": 64,
    },
    Object {
      "as": undefined,
      "len": 64,
      "name": "strItemCode__72",
      "schemaProps": Object {},
      "type": [Function],
      "typeClassName": "String",
      "weight": 64,
    },
    Object {
      "as": undefined,
      "len": 64,
      "name": "strItemCode__73",
      "schemaProps": Object {},
      "type": [Function],
      "typeClassName": "String",
      "weight": 64,
    },
    Object {
      "as": undefined,
      "len": 64,
      "name": "strItemCode__74",
      "schemaProps": Object {},
      "type": [Function],
      "typeClassName": "String",
      "weight": 64,
    },
    Object {
      "as": undefined,
      "len": 64,
      "name": "strItemCode__75",
      "schemaProps": Object {},
      "type": [Function],
      "typeClassName": "String",
      "weight": 64,
    },
    Object {
      "as": undefined,
      "len": 64,
      "name": "strItemCode__76",
      "schemaProps": Object {},
      "type": [Function],
      "typeClassName": "String",
      "weight": 64,
    },
    Object {
      "as": undefined,
      "len": 64,
      "name": "strItemCode__77",
      "schemaProps": Object {},
      "type": [Function],
      "typeClassName": "String",
      "weight": 64,
    },
    Object {
      "as": undefined,
      "len": 64,
      "name": "strItemCode__78",
      "schemaProps": Object {},
      "type": [Function],
      "typeClassName": "String",
      "weight": 64,
    },
    Object {
      "as": undefined,
      "len": 64,
      "name": "strItemCode__79",
      "schemaProps": Object {},
      "type": [Function],
      "typeClassName": "String",
      "weight": 64,
    },
    Object {
      "as": undefined,
      "len": 64,
      "name": "strItemCode__80",
      "schemaProps": Object {},
      "type": [Function],
      "typeClassName": "String",
      "weight": 64,
    },
    Object {
      "as": undefined,
      "len": 64,
      "name": "strItemCode__81",
      "schemaProps": Object {},
      "type": [Function],
      "typeClassName": "String",
      "weight": 64,
    },
    Object {
      "as": undefined,
      "len": 64,
      "name": "strItemCode__82",
      "schemaProps": Object {},
      "type": [Function],
      "typeClassName": "String",
      "weight": 64,
    },
    Object {
      "as": undefined,
      "len": 64,
      "name": "strItemCode__83",
      "schemaProps": Object {},
      "type": [Function],
      "typeClassName": "String",
      "weight": 64,
    },
    Object {
      "as": undefined,
      "len": 64,
      "name": "strItemCode__84",
      "schemaProps": Object {},
      "type": [Function],
      "typeClassName": "String",
      "weight": 64,
    },
    Object {
      "as": undefined,
      "len": 64,
      "name": "strItemCode__85",
      "schemaProps": Object {},
      "type": [Function],
      "typeClassName": "String",
      "weight": 64,
    },
    Object {
      "as": undefined,
      "len": 64,
      "name": "strItemCode__86",
      "schemaProps": Object {},
      "type": [Function],
      "typeClassName": "String",
      "weight": 64,
    },
    Object {
      "as": undefined,
      "len": 64,
      "name": "strItemCode__87",
      "schemaProps": Object {},
      "type": [Function],
      "typeClassName": "String",
      "weight": 64,
    },
    Object {
      "as": undefined,
      "len": 64,
      "name": "strItemCode__88",
      "schemaProps": Object {},
      "type": [Function],
      "typeClassName": "String",
      "weight": 64,
    },
    Object {
      "as": undefined,
      "len": 64,
      "name": "strItemCode__89",
      "schemaProps": Object {},
      "type": [Function],
      "typeClassName": "String",
      "weight": 64,
    },
    Object {
      "as": undefined,
      "len": 64,
      "name": "strItemCode__90",
      "schemaProps": Object {},
      "type": [Function],
      "typeClassName": "String",
      "weight": 64,
    },
    Object {
      "as": undefined,
      "len": 64,
      "name": "strItemCode__91",
      "schemaProps": Object {},
      "type": [Function],
      "typeClassName": "String",
      "weight": 64,
    },
    Object {
      "as": undefined,
      "len": 64,
      "name": "strItemCode__92",
      "schemaProps": Object {},
      "type": [Function],
      "typeClassName": "String",
      "weight": 64,
    },
    Object {
      "as": undefined,
      "len": 64,
      "name": "strItemCode__93",
      "schemaProps": Object {},
      "type": [Function],
      "typeClassName": "String",
      "weight": 64,
    },
    Object {
      "as": undefined,
      "len": 64,
      "name": "strItemCode__94",
      "schemaProps": Object {},
      "type": [Function],
      "typeClassName": "String",
      "weight": 64,
    },
    Object {
      "as": undefined,
      "len": 64,
      "name": "strItemCode__95",
      "schemaProps": Object {},
      "type": [Function],
      "typeClassName": "String",
      "weight": 64,
    },
    Object {
      "as": undefined,
      "len": 64,
      "name": "strItemCode__96",
      "schemaProps": Object {},
      "type": [Function],
      "typeClassName": "String",
      "weight": 64,
    },
    Object {
      "as": undefined,
      "len": 64,
      "name": "strItemCode__97",
      "schemaProps": Object {},
      "type": [Function],
      "typeClassName": "String",
      "weight": 64,
    },
    Object {
      "as": undefined,
      "len": 64,
      "name": "strItemCode__98",
      "schemaProps": Object {},
      "type": [Function],
      "typeClassName": "String",
      "weight": 64,
    },
    Object {
      "as": undefined,
      "len": 64,
      "name": "strItemCode__99",
      "schemaProps": Object {},
      "type": [Function],
      "typeClassName": "String",
      "weight": 64,
    },
    Object {
      "as": undefined,
      "len": 64,
      "name": "strItemCode__100",
      "schemaProps": Object {},
      "type": [Function],
      "typeClassName": "String",
      "weight": 64,
    },
    Object {
      "as": undefined,
      "len": 64,
      "name": "strItemCode__101",
      "schemaProps": Object {},
      "type": [Function],
      "typeClassName": "String",
      "weight": 64,
    },
    Object {
      "as": undefined,
      "len": 64,
      "name": "strItemCode__102",
      "schemaProps": Object {},
      "type": [Function],
      "typeClassName": "String",
      "weight": 64,
    },
    Object {
      "as": undefined,
      "len": 64,
      "name": "strItemCode__103",
      "schemaProps": Object {},
      "type": [Function],
      "typeClassName": "String",
      "weight": 64,
    },
    Object {
      "as": undefined,
      "len": 64,
      "name": "strItemCode__104",
      "schemaProps": Object {},
      "type": [Function],
      "typeClassName": "String",
      "weight": 64,
    },
    Object {
      "as": undefined,
      "len": 64,
      "name": "strItemCode__105",
      "schemaProps": Object {},
      "type": [Function],
      "typeClassName": "String",
      "weight": 64,
    },
    Object {
      "as": undefined,
      "len": 64,
      "name": "strItemCode__106",
      "schemaProps": Object {},
      "type": [Function],
      "typeClassName": "String",
      "weight": 64,
    },
    Object {
      "as": undefined,
      "len": 64,
      "name": "strItemCode__107",
      "schemaProps": Object {},
      "type": [Function],
      "typeClassName": "String",
      "weight": 64,
    },
    Object {
      "as": undefined,
      "len": 64,
      "name": "strItemCode__108",
      "schemaProps": Object {},
      "type": [Function],
      "typeClassName": "String",
      "weight": 64,
    },
    Object {
      "as": undefined,
      "len": 64,
      "name": "strItemCode__109",
      "schemaProps": Object {},
      "type": [Function],
      "typeClassName": "String",
      "weight": 64,
    },
    Object {
      "as": undefined,
      "len": 64,
      "name": "strItemCode__110",
      "schemaProps": Object {},
      "type": [Function],
      "typeClassName": "String",
      "weight": 64,
    },
    Object {
      "as": undefined,
      "len": 64,
      "name": "strItemCode__111",
      "schemaProps": Object {},
      "type": [Function],
      "typeClassName": "String",
      "weight": 64,
    },
    Object {
      "as": undefined,
      "len": 64,
      "name": "strItemCode__112",
      "schemaProps": Object {},
      "type": [Function],
      "typeClassName": "String",
      "weight": 64,
    },
    Object {
      "as": undefined,
      "len": 64,
      "name": "strItemCode__113",
      "schemaProps": Object {},
      "type": [Function],
      "typeClassName": "String",
      "weight": 64,
    },
    Object {
      "as": undefined,
      "len": 64,
      "name": "strItemCode__114",
      "schemaProps": Object {},
      "type": [Function],
      "typeClassName": "String",
      "weight": 64,
    },
    Object {
      "as": undefined,
      "len": 64,
      "name": "strItemCode__115",
      "schemaProps": Object {},
      "type": [Function],
      "typeClassName": "String",
      "weight": 64,
    },
    Object {
      "as": undefined,
      "len": 64,
      "name": "strItemCode__116",
      "schemaProps": Object {},
      "type": [Function],
      "typeClassName": "String",
      "weight": 64,
    },
    Object {
      "as": undefined,
      "len": 64,
      "name": "strItemCode__117",
      "schemaProps": Object {},
      "type": [Function],
      "typeClassName": "String",
      "weight": 64,
    },
    Object {
      "as": undefined,
      "len": 64,
      "name": "strItemCode__118",
      "schemaProps": Object {},
      "type": [Function],
      "typeClassName": "String",
      "weight": 64,
    },
    Object {
      "as": undefined,
      "len": 64,
      "name": "strItemCode__119",
      "schemaProps": Object {},
      "type": [Function],
      "typeClassName": "String",
      "weight": 64,
    },
    Object {
      "as": undefined,
      "len": 64,
      "name": "strItemCode__120",
      "schemaProps": Object {},
      "type": [Function],
      "typeClassName": "String",
      "weight": 64,
    },
    Object {
      "as": undefined,
      "len": 64,
      "name": "strItemCode__121",
      "schemaProps": Object {},
      "type": [Function],
      "typeClassName": "String",
      "weight": 64,
    },
    Object {
      "as": undefined,
      "len": 64,
      "name": "strItemCode__122",
      "schemaProps": Object {},
      "type": [Function],
      "typeClassName": "String",
      "weight": 64,
    },
    Object {
      "as": undefined,
      "len": 64,
      "name": "strItemCode__123",
      "schemaProps": Object {},
      "type": [Function],
      "typeClassName": "String",
      "weight": 64,
    },
    Object {
      "as": undefined,
      "len": 64,
      "name": "strItemCode__124",
      "schemaProps": Object {},
      "type": [Function],
      "typeClassName": "String",
      "weight": 64,
    },
    Object {
      "as": undefined,
      "len": 64,
      "name": "strItemCode__125",
      "schemaProps": Object {},
      "type": [Function],
      "typeClassName": "String",
      "weight": 64,
    },
    Object {
      "as": undefined,
      "len": 64,
      "name": "strItemCode__126",
      "schemaProps": Object {},
      "type": [Function],
      "typeClassName": "String",
      "weight": 64,
    },
    Object {
      "as": undefined,
      "len": 64,
      "name": "strItemCode__127",
      "schemaProps": Object {},
      "type": [Function],
      "typeClassName": "String",
      "weight": 64,
    },
    Object {
      "as": undefined,
      "len": 64,
      "name": "strItemCode__128",
      "schemaProps": Object {},
      "type": [Function],
      "typeClassName": "String",
      "weight": 64,
    },
    Object {
      "as": undefined,
      "len": 64,
      "name": "strItemCode__129",
      "schemaProps": Object {},
      "type": [Function],
      "typeClassName": "String",
      "weight": 64,
    },
    Object {
      "as": undefined,
      "len": 64,
      "name": "strItemCode__130",
      "schemaProps": Object {},
      "type": [Function],
      "typeClassName": "String",
      "weight": 64,
    },
    Object {
      "as": undefined,
      "len": 64,
      "name": "strItemCode__131",
      "schemaProps": Object {},
      "type": [Function],
      "typeClassName": "String",
      "weight": 64,
    },
    Object {
      "as": undefined,
      "len": 64,
      "name": "strItemCode__132",
      "schemaProps": Object {},
      "type": [Function],
      "typeClassName": "String",
      "weight": 64,
    },
    Object {
      "as": undefined,
      "len": 64,
      "name": "strItemCode__133",
      "schemaProps": Object {},
      "type": [Function],
      "typeClassName": "String",
      "weight": 64,
    },
    Object {
      "as": undefined,
      "len": 64,
      "name": "strItemCode__134",
      "schemaProps": Object {},
      "type": [Function],
      "typeClassName": "String",
      "weight": 64,
    },
    Object {
      "as": undefined,
      "len": 64,
      "name": "strItemCode__135",
      "schemaProps": Object {},
      "type": [Function],
      "typeClassName": "String",
      "weight": 64,
    },
    Object {
      "as": undefined,
      "len": 64,
      "name": "strItemCode__136",
      "schemaProps": Object {},
      "type": [Function],
      "typeClassName": "String",
      "weight": 64,
    },
    Object {
      "as": undefined,
      "len": 64,
      "name": "strItemCode__137",
      "schemaProps": Object {},
      "type": [Function],
      "typeClassName": "String",
      "weight": 64,
    },
    Object {
      "as": undefined,
      "len": 64,
      "name": "strItemCode__138",
      "schemaProps": Object {},
      "type": [Function],
      "typeClassName": "String",
      "weight": 64,
    },
    Object {
      "as": undefined,
      "len": 64,
      "name": "strItemCode__139",
      "schemaProps": Object {},
      "type": [Function],
      "typeClassName": "String",
      "weight": 64,
    },
    Object {
      "as": undefined,
      "len": 64,
      "name": "strItemCode__140",
      "schemaProps": Object {},
      "type": [Function],
      "typeClassName": "String",
      "weight": 64,
    },
    Object {
      "as": undefined,
      "len": 64,
      "name": "strItemCode__141",
      "schemaProps": Object {},
      "type": [Function],
      "typeClassName": "String",
      "weight": 64,
    },
    Object {
      "as": undefined,
      "len": 64,
      "name": "strItemCode__142",
      "schemaProps": Object {},
      "type": [Function],
      "typeClassName": "String",
      "weight": 64,
    },
    Object {
      "as": undefined,
      "len": 64,
      "name": "strItemCode__143",
      "schemaProps": Object {},
      "type": [Function],
      "typeClassName": "String",
      "weight": 64,
    },
    Object {
      "as": undefined,
      "len": 64,
      "name": "strItemCode__144",
      "schemaProps": Object {},
      "type": [Function],
      "typeClassName": "String",
      "weight": 64,
    },
    Object {
      "as": undefined,
      "len": 64,
      "name": "strItemCode__145",
      "schemaProps": Object {},
      "type": [Function],
      "typeClassName": "String",
      "weight": 64,
    },
    Object {
      "as": undefined,
      "len": 64,
      "name": "strItemCode__146",
      "schemaProps": Object {},
      "type": [Function],
      "typeClassName": "String",
      "weight": 64,
    },
    Object {
      "as": undefined,
      "len": 64,
      "name": "strItemCode__147",
      "schemaProps": Object {},
      "type": [Function],
      "typeClassName": "String",
      "weight": 64,
    },
    Object {
      "as": undefined,
      "len": 64,
      "name": "strItemCode__148",
      "schemaProps": Object {},
      "type": [Function],
      "typeClassName": "String",
      "weight": 64,
    },
    Object {
      "as": undefined,
      "len": 64,
      "name": "strItemCode__149",
      "schemaProps": Object {},
      "type": [Function],
      "typeClassName": "String",
      "weight": 64,
    },
    Object {
      "as": undefined,
      "len": 64,
      "name": "strItemCode__150",
      "schemaProps": Object {},
      "type": [Function],
      "typeClassName": "String",
      "weight": 64,
    },
    Object {
      "as": undefined,
      "len": 64,
      "name": "strItemCode__151",
      "schemaProps": Object {},
      "type": [Function],
      "typeClassName": "String",
      "weight": 64,
    },
    Object {
      "as": undefined,
      "len": 64,
      "name": "strItemCode__152",
      "schemaProps": Object {},
      "type": [Function],
      "typeClassName": "String",
      "weight": 64,
    },
    Object {
      "as": undefined,
      "len": 64,
      "name": "strItemCode__153",
      "schemaProps": Object {},
      "type": [Function],
      "typeClassName": "String",
      "weight": 64,
    },
    Object {
      "as": undefined,
      "len": 64,
      "name": "strItemCode__154",
      "schemaProps": Object {},
      "type": [Function],
      "typeClassName": "String",
      "weight": 64,
    },
    Object {
      "as": undefined,
      "len": 64,
      "name": "strItemCode__155",
      "schemaProps": Object {},
      "type": [Function],
      "typeClassName": "String",
      "weight": 64,
    },
    Object {
      "as": undefined,
      "len": 64,
      "name": "strItemCode__156",
      "schemaProps": Object {},
      "type": [Function],
      "typeClassName": "String",
      "weight": 64,
    },
    Object {
      "as": undefined,
      "len": 64,
      "name": "strItemCode__157",
      "schemaProps": Object {},
      "type": [Function],
      "typeClassName": "String",
      "weight": 64,
    },
    Object {
      "as": undefined,
      "len": 64,
      "name": "strItemCode__158",
      "schemaProps": Object {},
      "type": [Function],
      "typeClassName": "String",
      "weight": 64,
    },
    Object {
      "as": undefined,
      "len": 64,
      "name": "strItemCode__159",
      "schemaProps": Object {},
      "type": [Function],
      "typeClassName": "String",
      "weight": 64,
    },
    Object {
      "as": undefined,
      "len": 64,
      "name": "strItemCode__160",
      "schemaProps": Object {},
      "type": [Function],
      "typeClassName": "String",
      "weight": 64,
    },
    Object {
      "as": undefined,
      "len": 64,
      "name": "strItemCode__161",
      "schemaProps": Object {},
      "type": [Function],
      "typeClassName": "String",
      "weight": 64,
    },
    Object {
      "as": undefined,
      "len": 64,
      "name": "strItemCode__162",
      "schemaProps": Object {},
      "type": [Function],
      "typeClassName": "String",
      "weight": 64,
    },
    Object {
      "as": undefined,
      "len": 64,
      "name": "strItemCode__163",
      "schemaProps": Object {},
      "type": [Function],
      "typeClassName": "String",
      "weight": 64,
    },
    Object {
      "as": undefined,
      "len": 64,
      "name": "strItemCode__164",
      "schemaProps": Object {},
      "type": [Function],
      "typeClassName": "String",
      "weight": 64,
    },
    Object {
      "as": undefined,
      "len": 64,
      "name": "strItemCode__165",
      "schemaProps": Object {},
      "type": [Function],
      "typeClassName": "String",
      "weight": 64,
    },
    Object {
      "as": undefined,
      "len": 64,
      "name": "strItemCode__166",
      "schemaProps": Object {},
      "type": [Function],
      "typeClassName": "String",
      "weight": 64,
    },
    Object {
      "as": undefined,
      "len": 64,
      "name": "strItemCode__167",
      "schemaProps": Object {},
      "type": [Function],
      "typeClassName": "String",
      "weight": 64,
    },
    Object {
      "as": undefined,
      "len": 64,
      "name": "strItemCode__168",
      "schemaProps": Object {},
      "type": [Function],
      "typeClassName": "String",
      "weight": 64,
    },
    Object {
      "as": undefined,
      "len": 64,
      "name": "strItemCode__169",
      "schemaProps": Object {},
      "type": [Function],
      "typeClassName": "String",
      "weight": 64,
    },
    Object {
      "as": undefined,
      "len": 64,
      "name": "strItemCode__170",
      "schemaProps": Object {},
      "type": [Function],
      "typeClassName": "String",
      "weight": 64,
    },
    Object {
      "as": undefined,
      "len": 64,
      "name": "strItemCode__171",
      "schemaProps": Object {},
      "type": [Function],
      "typeClassName": "String",
      "weight": 64,
    },
    Object {
      "as": undefined,
      "len": 64,
      "name": "strItemCode__172",
      "schemaProps": Object {},
      "type": [Function],
      "typeClassName": "String",
      "weight": 64,
    },
    Object {
      "as": undefined,
      "len": 64,
      "name": "strItemCode__173",
      "schemaProps": Object {},
      "type": [Function],
      "typeClassName": "String",
      "weight": 64,
    },
    Object {
      "as": undefined,
      "len": 64,
      "name": "strItemCode__174",
      "schemaProps": Object {},
      "type": [Function],
      "typeClassName": "String",
      "weight": 64,
    },
    Object {
      "as": undefined,
      "len": 64,
      "name": "strItemCode__175",
      "schemaProps": Object {},
      "type": [Function],
      "typeClassName": "String",
      "weight": 64,
    },
    Object {
      "as": undefined,
      "len": 64,
      "name": "strItemCode__176",
      "schemaProps": Object {},
      "type": [Function],
      "typeClassName": "String",
      "weight": 64,
    },
    Object {
      "as": undefined,
      "len": 64,
      "name": "strItemCode__177",
      "schemaProps": Object {},
      "type": [Function],
      "typeClassName": "String",
      "weight": 64,
    },
    Object {
      "as": undefined,
      "len": 64,
      "name": "strItemCode__178",
      "schemaProps": Object {},
      "type": [Function],
      "typeClassName": "String",
      "weight": 64,
    },
    Object {
      "as": undefined,
      "len": 64,
      "name": "strItemCode__179",
      "schemaProps": Object {},
      "type": [Function],
      "typeClassName": "String",
      "weight": 64,
    },
    Object {
      "as": undefined,
      "len": 64,
      "name": "strItemCode__180",
      "schemaProps": Object {},
      "type": [Function],
      "typeClassName": "String",
      "weight": 64,
    },
    Object {
      "as": undefined,
      "len": 64,
      "name": "strItemCode__181",
      "schemaProps": Object {},
      "type": [Function],
      "typeClassName": "String",
      "weight": 64,
    },
    Object {
      "as": undefined,
      "len": 64,
      "name": "strItemCode__182",
      "schemaProps": Object {},
      "type": [Function],
      "typeClassName": "String",
      "weight": 64,
    },
    Object {
      "as": undefined,
      "len": 64,
      "name": "strItemCode__183",
      "schemaProps": Object {},
      "type": [Function],
      "typeClassName": "String",
      "weight": 64,
    },
    Object {
      "as": undefined,
      "len": 64,
      "name": "strItemCode__184",
      "schemaProps": Object {},
      "type": [Function],
      "typeClassName": "String",
      "weight": 64,
    },
    Object {
      "as": undefined,
      "len": 64,
      "name": "strItemCode__185",
      "schemaProps": Object {},
      "type": [Function],
      "typeClassName": "String",
      "weight": 64,
    },
    Object {
      "as": undefined,
      "len": 64,
      "name": "strItemCode__186",
      "schemaProps": Object {},
      "type": [Function],
      "typeClassName": "String",
      "weight": 64,
    },
    Object {
      "as": undefined,
      "len": 64,
      "name": "strItemCode__187",
      "schemaProps": Object {},
      "type": [Function],
      "typeClassName": "String",
      "weight": 64,
    },
    Object {
      "as": undefined,
      "len": 64,
      "name": "strItemCode__188",
      "schemaProps": Object {},
      "type": [Function],
      "typeClassName": "String",
      "weight": 64,
    },
    Object {
      "as": undefined,
      "len": 64,
      "name": "strItemCode__189",
      "schemaProps": Object {},
      "type": [Function],
      "typeClassName": "String",
      "weight": 64,
    },
    Object {
      "as": undefined,
      "len": 64,
      "name": "strItemCode__190",
      "schemaProps": Object {},
      "type": [Function],
      "typeClassName": "String",
      "weight": 64,
    },
    Object {
      "as": undefined,
      "len": 64,
      "name": "strItemCode__191",
      "schemaProps": Object {},
      "type": [Function],
      "typeClassName": "String",
      "weight": 64,
    },
    Object {
      "as": undefined,
      "len": 64,
      "name": "strItemCode__192",
      "schemaProps": Object {},
      "type": [Function],
      "typeClassName": "String",
      "weight": 64,
    },
    Object {
      "as": undefined,
      "len": 64,
      "name": "strItemCode__193",
      "schemaProps": Object {},
      "type": [Function],
      "typeClassName": "String",
      "weight": 64,
    },
    Object {
      "as": undefined,
      "len": 64,
      "name": "strItemCode__194",
      "schemaProps": Object {},
      "type": [Function],
      "typeClassName": "String",
      "weight": 64,
    },
    Object {
      "as": undefined,
      "len": 64,
      "name": "strItemCode__195",
      "schemaProps": Object {},
      "type": [Function],
      "typeClassName": "String",
      "weight": 64,
    },
    Object {
      "as": undefined,
      "len": 64,
      "name": "strItemCode__196",
      "schemaProps": Object {},
      "type": [Function],
      "typeClassName": "String",
      "weight": 64,
    },
    Object {
      "as": undefined,
      "len": 64,
      "name": "strItemCode__197",
      "schemaProps": Object {},
      "type": [Function],
      "typeClassName": "String",
      "weight": 64,
    },
    Object {
      "as": undefined,
      "len": 64,
      "name": "strItemCode__198",
      "schemaProps": Object {},
      "type": [Function],
      "typeClassName": "String",
      "weight": 64,
    },
    Object {
      "as": undefined,
      "len": 64,
      "name": "strItemCode__199",
      "schemaProps": Object {},
      "type": [Function],
      "typeClassName": "String",
      "weight": 64,
    },
    Object {
      "as": undefined,
      "len": 64,
      "name": "strItemCode__200",
      "schemaProps": Object {},
      "type": [Function],
      "typeClassName": "String",
      "weight": 64,
    },
    Object {
      "as": undefined,
      "len": 64,
      "name": "strLimItemCode__1_1",
      "schemaProps": Object {},
      "type": [Function],
      "typeClassName": "String",
      "weight": 64,
    },
    Object {
      "as": undefined,
      "len": 32,
      "name": "nLimMaxCount__1_2",
      "schemaProps": Object {},
      "type": [Function],
      "typeClassName": "Number",
      "weight": 4,
    },
    Object {
      "as": undefined,
      "len": 64,
      "name": "strLimItemCode__2_1",
      "schemaProps": Object {},
      "type": [Function],
      "typeClassName": "String",
      "weight": 64,
    },
    Object {
      "as": undefined,
      "len": 32,
      "name": "nLimMaxCount__2_2",
      "schemaProps": Object {},
      "type": [Function],
      "typeClassName": "Number",
      "weight": 4,
    },
    Object {
      "as": undefined,
      "len": 64,
      "name": "strLimItemCode__3_1",
      "schemaProps": Object {},
      "type": [Function],
      "typeClassName": "String",
      "weight": 64,
    },
    Object {
      "as": undefined,
      "len": 32,
      "name": "nLimMaxCount__3_2",
      "schemaProps": Object {},
      "type": [Function],
      "typeClassName": "Number",
      "weight": 4,
    },
    Object {
      "as": undefined,
      "len": 64,
      "name": "strLimItemCode__4_1",
      "schemaProps": Object {},
      "type": [Function],
      "typeClassName": "String",
      "weight": 64,
    },
    Object {
      "as": undefined,
      "len": 32,
      "name": "nLimMaxCount__4_2",
      "schemaProps": Object {},
      "type": [Function],
      "typeClassName": "Number",
      "weight": 4,
    },
    Object {
      "as": undefined,
      "len": 64,
      "name": "strLimItemCode__5_1",
      "schemaProps": Object {},
      "type": [Function],
      "typeClassName": "String",
      "weight": 64,
    },
    Object {
      "as": undefined,
      "len": 32,
      "name": "nLimMaxCount__5_2",
      "schemaProps": Object {},
      "type": [Function],
      "typeClassName": "Number",
      "weight": 4,
    },
    Object {
      "as": undefined,
      "len": 64,
      "name": "strLimItemCode__6_1",
      "schemaProps": Object {},
      "type": [Function],
      "typeClassName": "String",
      "weight": 64,
    },
    Object {
      "as": undefined,
      "len": 32,
      "name": "nLimMaxCount__6_2",
      "schemaProps": Object {},
      "type": [Function],
      "typeClassName": "Number",
      "weight": 4,
    },
    Object {
      "as": undefined,
      "len": 64,
      "name": "strLimItemCode__7_1",
      "schemaProps": Object {},
      "type": [Function],
      "typeClassName": "String",
      "weight": 64,
    },
    Object {
      "as": undefined,
      "len": 32,
      "name": "nLimMaxCount__7_2",
      "schemaProps": Object {},
      "type": [Function],
      "typeClassName": "Number",
      "weight": 4,
    },
    Object {
      "as": undefined,
      "len": 64,
      "name": "strLimItemCode__8_1",
      "schemaProps": Object {},
      "type": [Function],
      "typeClassName": "String",
      "weight": 64,
    },
    Object {
      "as": undefined,
      "len": 32,
      "name": "nLimMaxCount__8_2",
      "schemaProps": Object {},
      "type": [Function],
      "typeClassName": "Number",
      "weight": 4,
    },
    Object {
      "as": undefined,
      "len": 64,
      "name": "strLimItemCode__9_1",
      "schemaProps": Object {},
      "type": [Function],
      "typeClassName": "String",
      "weight": 64,
    },
    Object {
      "as": undefined,
      "len": 32,
      "name": "nLimMaxCount__9_2",
      "schemaProps": Object {},
      "type": [Function],
      "typeClassName": "Number",
      "weight": 4,
    },
    Object {
      "as": undefined,
      "len": 64,
      "name": "strLimItemCode__10_1",
      "schemaProps": Object {},
      "type": [Function],
      "typeClassName": "String",
      "weight": 64,
    },
    Object {
      "as": undefined,
      "len": 32,
      "name": "nLimMaxCount__10_2",
      "schemaProps": Object {},
      "type": [Function],
      "typeClassName": "Number",
      "weight": 4,
    },
    Object {
      "as": undefined,
      "len": 64,
      "name": "strLimItemCode__11_1",
      "schemaProps": Object {},
      "type": [Function],
      "typeClassName": "String",
      "weight": 64,
    },
    Object {
      "as": undefined,
      "len": 32,
      "name": "nLimMaxCount__11_2",
      "schemaProps": Object {},
      "type": [Function],
      "typeClassName": "Number",
      "weight": 4,
    },
    Object {
      "as": undefined,
      "len": 64,
      "name": "strLimItemCode__12_1",
      "schemaProps": Object {},
      "type": [Function],
      "typeClassName": "String",
      "weight": 64,
    },
    Object {
      "as": undefined,
      "len": 32,
      "name": "nLimMaxCount__12_2",
      "schemaProps": Object {},
      "type": [Function],
      "typeClassName": "Number",
      "weight": 4,
    },
    Object {
      "as": undefined,
      "len": 64,
      "name": "strLimItemCode__13_1",
      "schemaProps": Object {},
      "type": [Function],
      "typeClassName": "String",
      "weight": 64,
    },
    Object {
      "as": undefined,
      "len": 32,
      "name": "nLimMaxCount__13_2",
      "schemaProps": Object {},
      "type": [Function],
      "typeClassName": "Number",
      "weight": 4,
    },
    Object {
      "as": undefined,
      "len": 64,
      "name": "strLimItemCode__14_1",
      "schemaProps": Object {},
      "type": [Function],
      "typeClassName": "String",
      "weight": 64,
    },
    Object {
      "as": undefined,
      "len": 32,
      "name": "nLimMaxCount__14_2",
      "schemaProps": Object {},
      "type": [Function],
      "typeClassName": "Number",
      "weight": 4,
    },
    Object {
      "as": undefined,
      "len": 64,
      "name": "strLimItemCode__15_1",
      "schemaProps": Object {},
      "type": [Function],
      "typeClassName": "String",
      "weight": 64,
    },
    Object {
      "as": undefined,
      "len": 32,
      "name": "nLimMaxCount__15_2",
      "schemaProps": Object {},
      "type": [Function],
      "typeClassName": "Number",
      "weight": 4,
    },
    Object {
      "as": undefined,
      "len": 64,
      "name": "strLimItemCode__16_1",
      "schemaProps": Object {},
      "type": [Function],
      "typeClassName": "String",
      "weight": 64,
    },
    Object {
      "as": undefined,
      "len": 32,
      "name": "nLimMaxCount__16_2",
      "schemaProps": Object {},
      "type": [Function],
      "typeClassName": "Number",
      "weight": 4,
    },
  ],
  "isDynamic": false,
  "weight": 14284,
}
`;
